******************************************************************************
                  TI ARM Linker PC v20.2.4                     
******************************************************************************
>> Linked Tue May  5 15:36:32 2026

OUTPUT FILE NAME:   <TM4C1294ncpdt_default_project.out>
ENTRY POINT SYMBOL: "_c_int00_noargs"  address: 00002b11


MEMORY CONFIGURATION

         name            origin    length      used     unused   attr    fill
----------------------  --------  ---------  --------  --------  ----  --------
  FLASH                 00000000   00100000  00002f19  000fd0e7  R  X
  SRAM                  20000000   00040000  000013b0  0003ec50  RW X


SEGMENT ALLOCATION MAP

run origin  load origin   length   init length attrs members
----------  ----------- ---------- ----------- ----- -------
00000000    00000000    00002f20   00002f20    r-x
  00000000    00000000    00000208   00000208    r-- .intvecs
  00000208    00000208    00002b70   00002b70    r-x .text
  00002d78    00002d78    00000111   00000111    r-- .const
  00002e90    00002e90    00000090   00000090    r-- .cinit
20000000    20000000    000013b0   00000000    rw-
  20000000    20000000    00000800   00000000    rw- .stack
  20000800    20000800    00000800   00000000    rw- .sysmem
  20001000    20001000    000001e8   00000000    rw- .data
  200011e8    200011e8    000001c8   00000000    rw- .bss


SECTION ALLOCATION MAP

 output                                  attributes/
section   page    origin      length       input sections
--------  ----  ----------  ----------   ----------------
.intvecs   0    00000000    00000208     
                  00000000    00000208     tm4c1294ncpdt_startup_ccs.obj (.intvecs)

.text      0    00000208    00002b70     
                  00000208    00000a4e     rtsv7M4_T_le_v4SPD16_eabi.lib : _printfi.c.obj (.text:__TI_printfi)
                  00000c56    00000002                                   : _lock.c.obj (.text:_nop)
                  00000c58    00000270                                   : _printfi.c.obj (.text:_pconv_a)
                  00000ec8    000001d0                                   : _printfi.c.obj (.text:_pconv_g)
                  00001098    000001b6                                   : fd_add_t2.asm.obj (.text)
                  0000124e    00000002                                   : div0.asm.obj (.text)
                  00001250    00000174     main.obj (.text)
                  000013c4    0000013c     rtsv7M4_T_le_v4SPD16_eabi.lib : _printfi.c.obj (.text:_pconv_e)
                  00001500    00000136                                   : fd_div_t2.asm.obj (.text)
                  00001636    00000002     --HOLE-- [fill = 0]
                  00001638    00000124                                   : _printfi.c.obj (.text:fcvt)
                  0000175c    00000114                                   : fputs.c.obj (.text:fputs)
                  00001870    00000110                                   : s_scalbn.c.obj (.text:scalbn)
                  00001980    00000100                                   : memory.c.obj (.text:aligned_alloc)
                  00001a80    000000fc                                   : fd_mul_t2.asm.obj (.text)
                  00001b7c    000000e4                                   : memory.c.obj (.text:free)
                  00001c60    000000dc                                   : setvbuf.c.obj (.text:setvbuf)
                  00001d3c    000000b1                                   : _printfi.c.obj (.text:_ltostr)
                  00001ded    00000001     --HOLE-- [fill = 0]
                  00001dee    0000009c                                   : memcpy_t2.asm.obj (.text)
                  00001e8a    00000096                                   : ull_div_t2.asm.obj (.text)
                  00001f20    0000008c                                   : fputc.c.obj (.text:fputc)
                  00001fac    00000086                                   : fd_cmp_t2.asm.obj (.text:__aeabi_cdcmple)
                  00002032    00000086                                   : fd_cmp_t2.asm.obj (.text:__aeabi_cdrcmple)
                  000020b8    0000007a                                   : memset_t2.asm.obj (.text)
                  00002132    00000002     --HOLE-- [fill = 0]
                  00002134    00000074                                   : fclose.c.obj (.text:__TI_closefile)
                  000021a8    00000070                                   : memory.c.obj (.text:split)
                  00002218    0000006e                                   : _printfi.c.obj (.text:_mcpy)
                  00002286    00000002     --HOLE-- [fill = 0]
                  00002288    0000006c                                   : hostrename.c.obj (.text:HOSTrename)
                  000022f4    00000068                                   : hostlseek.c.obj (.text:HOSTlseek)
                  0000235c    00000068                                   : copy_decompress_lzss.c.obj (.text:decompress:lzss:__TI_decompress_lzss)
                  000023c4    00000068                                   : printf.c.obj (.text:printf)
                  0000242c    00000064                                   : s_frexp.c.obj (.text:frexp)
                  00002490    00000064                                   : fseek.c.obj (.text:fseek)
                  000024f4    00000062                                   : _io_perm.c.obj (.text:__TI_wrt_ok)
                  00002556    00000002     --HOLE-- [fill = 0]
                  00002558    00000060                                   : hostopen.c.obj (.text:HOSTopen)
                  000025b8    0000005c                                   : close.c.obj (.text:close)
                  00002614    00000058                                   : hostread.c.obj (.text:HOSTread)
                  0000266c    00000058                                   : hostwrite.c.obj (.text:HOSTwrite)
                  000026c4    00000056                                   : _printfi.c.obj (.text:_pconv_f)
                  0000271a    00000054                                   : _ltoa.c.obj (.text:__TI_ltoa)
                  0000276e    00000052                                   : _printfi.c.obj (.text:_ecpy)
                  000027c0    0000004c                                   : fflush.c.obj (.text:__TI_doflush)
                  0000280c    0000004c                                   : atoi.c.obj (.text:atoi)
                  00002858    00000048                                   : exit.c.obj (.text:exit)
                  000028a0    00000048                                   : fd_toi_t2.asm.obj (.text)
                  000028e8    00000044                                   : hostclose.c.obj (.text:HOSTclose)
                  0000292c    00000044                                   : hostunlink.c.obj (.text:HOSTunlink)
                  00002970    00000044                                   : autoinit.c.obj (.text:__TI_auto_init_nobinit_nopinit:__TI_auto_init_nobinit_nopinit)
                  000029b4    00000044                                   : getdevice.c.obj (.text:getdevice)
                  000029f8    0000003e                                   : _printfi.c.obj (.text:_fcpy)
                  00002a36    00000002     --HOLE-- [fill = 0]
                  00002a38    00000038                                   : trgmsg.c.obj (.text:__TI_writemsg)
                  00002a70    00000036                                   : strncpy.c.obj (.text:strncpy)
                  00002aa6    00000002     --HOLE-- [fill = 0]
                  00002aa8    00000034                                   : fopen.c.obj (.text:__TI_cleanup)
                  00002adc    00000034                                   : trgmsg.c.obj (.text:__TI_readmsg)
                  00002b10    00000034                                   : boot_cortex_m.c.obj (.text:_c_int00_noargs:_c_int00_noargs)
                  00002b44    00000030                                   : getdevice.c.obj (.text:finddevice)
                  00002b74    0000002e                                   : i_tofd_t2.asm.obj (.text)
                  00002ba2    00000002     --HOLE-- [fill = 0]
                  00002ba4    0000002c                                   : unlink.c.obj (.text:unlink)
                  00002bd0    00000028                                   : memory.c.obj (.text:free_list_insert)
                  00002bf8    00000028                                   : lseek.c.obj (.text:lseek)
                  00002c20    00000028                                   : write.c.obj (.text:write)
                  00002c48    00000020                                   : memchr.c.obj (.text:memchr)
                  00002c68    0000001c                                   : copy_zero_init.c.obj (.text:decompress:ZI:__TI_zero_init_nomemset:__TI_zero_init_nomemset)
                  00002c84    0000001c                                   : memory.c.obj (.text:free_list_remove)
                  00002ca0    0000001c                                   : memccpy.c.obj (.text:memccpy)
                  00002cbc    0000001a                                   : s_copysign.c.obj (.text:copysign)
                  00002cd6    00000018                                   : strcmp.c.obj (.text:strcmp)
                  00002cee    00000016                                   : strchr.c.obj (.text:strchr)
                  00002d04    00000014                                   : strcpy.c.obj (.text:strcpy)
                  00002d18    00000014                                   : strlen.c.obj (.text:strlen)
                  00002d2c    00000012                                   : wcslen.c.obj (.text:wcslen)
                  00002d3e    0000000e                                   : copy_decompress_none.c.obj (.text:decompress:none:__TI_decompress_none)
                  00002d4c    0000000c     tm4c1294ncpdt_startup_ccs.obj (.text)
                  00002d58    00000008     rtsv7M4_T_le_v4SPD16_eabi.lib : errno.c.obj (.text:__aeabi_errno_addr)
                  00002d60    00000008                                   : memory.c.obj (.text:malloc)
                  00002d68    00000004                                   : printf.c.obj (.text:_outc)
                  00002d6c    00000004                                   : printf.c.obj (.text:_outs)
                  00002d70    00000004                                   : pre_init.c.obj (.text:_system_pre_init)
                  00002d74    00000004                                   : exit.c.obj (.text:abort:abort)

.const     0    00002d78    00000111     
                  00002d78    00000101     rtsv7M4_T_le_v4SPD16_eabi.lib : ctype.c.obj (.const:.string:_ctypes_)
                  00002e79    00000010     main.obj (.const:symbol)

.cinit     0    00002e90    00000090     
                  00002e90    00000068     (.cinit..data.load) [load image, compression = lzss]
                  00002ef8    0000000c     (__TI_handler_table)
                  00002f04    00000004     --HOLE-- [fill = 0]
                  00002f08    00000008     (.cinit..bss.load) [load image, compression = zero_init]
                  00002f10    00000010     (__TI_cinit_table)

.init_array 
*          0    00000000    00000000     UNINITIALIZED

.stack     0    20000000    00000800     UNINITIALIZED
                  20000000    00000004     rtsv7M4_T_le_v4SPD16_eabi.lib : boot_cortex_m.c.obj (.stack)
                  20000004    000007fc     --HOLE--

.sysmem    0    20000800    00000800     UNINITIALIZED
                  20000800    00000010     rtsv7M4_T_le_v4SPD16_eabi.lib : memory.c.obj (.sysmem)
                  20000810    000007f0     --HOLE--

.data      0    20001000    000001e8     UNINITIALIZED
                  20001000    000000f0     rtsv7M4_T_le_v4SPD16_eabi.lib : defs.c.obj (.data:_ftable)
                  200010f0    00000078                                   : host_device.c.obj (.data:_device)
                  20001168    00000050                                   : host_device.c.obj (.data:_stream)
                  200011b8    00000010                                   : defs.c.obj (.data)
                  200011c8    0000000c                                   : exit.c.obj (.data:$O1$$)
                  200011d4    00000008                                   : _lock.c.obj (.data:$O1$$)
                  200011dc    00000008                                   : memory.c.obj (.data:$O1$$)
                  200011e4    00000004                                   : errno.c.obj (.data)

.bss       0    200011e8    000001c8     UNINITIALIZED
                  200011e8    00000120     rtsv7M4_T_le_v4SPD16_eabi.lib : trgmsg.c.obj (.bss:_CIOBUF_)
                  20001308    000000a0     (.common:__TI_tmpnams)
                  200013a8    00000008     (.common:parmbuf)

__llvm_prf_cnts 
*          0    20000000    00000000     UNINITIALIZED

MODULE SUMMARY

       Module                          code    ro data   rw data
       ------                          ----    -------   -------
    .\
       tm4c1294ncpdt_startup_ccs.obj   12      520       0      
       main.obj                        372     16        0      
    +--+-------------------------------+-------+---------+---------+
       Total:                          384     536       0      
                                                                
    C:\ti\ti-cgt-arm_20.2.4.LTS\lib\rtsv7M4_T_le_v4SPD16_eabi.lib
       _printfi.c.obj                  4851    0         0      
       memory.c.obj                    672     0         8      
       fd_add_t2.asm.obj               438     0         0      
       defs.c.obj                      0       0         416    
       trgmsg.c.obj                    108     0         288    
       fd_div_t2.asm.obj               310     0         0      
       fputs.c.obj                     276     0         0      
       s_scalbn.c.obj                  272     0         0      
       fd_cmp_t2.asm.obj               268     0         0      
       ctype.c.obj                     0       257       0      
       fd_mul_t2.asm.obj               252     0         0      
       setvbuf.c.obj                   220     0         0      
       host_device.c.obj               0       0         200    
       memcpy_t2.asm.obj               156     0         0      
       ull_div_t2.asm.obj              150     0         0      
       fputc.c.obj                     140     0         0      
       memset_t2.asm.obj               122     0         0      
       fclose.c.obj                    116     0         0      
       getdevice.c.obj                 116     0         0      
       printf.c.obj                    112     0         0      
       hostrename.c.obj                108     0         0      
       copy_decompress_lzss.c.obj      104     0         0      
       hostlseek.c.obj                 104     0         0      
       hostopen.c.obj                  96      0         8      
       fseek.c.obj                     100     0         0      
       s_frexp.c.obj                   100     0         0      
       _io_perm.c.obj                  98      0         0      
       close.c.obj                     92      0         0      
       exit.c.obj                      76      0         12     
       hostread.c.obj                  88      0         0      
       hostwrite.c.obj                 88      0         0      
       _ltoa.c.obj                     84      0         0      
       atoi.c.obj                      76      0         0      
       fflush.c.obj                    76      0         0      
       fd_toi_t2.asm.obj               72      0         0      
       autoinit.c.obj                  68      0         0      
       hostclose.c.obj                 68      0         0      
       hostunlink.c.obj                68      0         0      
       strncpy.c.obj                   54      0         0      
       boot_cortex_m.c.obj             52      0         0      
       fopen.c.obj                     52      0         0      
       i_tofd_t2.asm.obj               46      0         0      
       unlink.c.obj                    44      0         0      
       lseek.c.obj                     40      0         0      
       write.c.obj                     40      0         0      
       memchr.c.obj                    32      0         0      
       copy_zero_init.c.obj            28      0         0      
       memccpy.c.obj                   28      0         0      
       s_copysign.c.obj                26      0         0      
       strcmp.c.obj                    24      0         0      
       strchr.c.obj                    22      0         0      
       strcpy.c.obj                    20      0         0      
       strlen.c.obj                    20      0         0      
       wcslen.c.obj                    18      0         0      
       copy_decompress_none.c.obj      14      0         0      
       errno.c.obj                     8       0         4      
       _lock.c.obj                     2       0         8      
       pre_init.c.obj                  4       0         0      
       div0.asm.obj                    2       0         0      
    +--+-------------------------------+-------+---------+---------+
       Total:                          10721   257       944    
                                                                
       Heap:                           0       0         2048   
       Stack:                          0       0         2048   
       Linker Generated:               0       140       0      
    +--+-------------------------------+-------+---------+---------+
       Grand Total:                    11105   933       5040   


LINKER GENERATED COPY TABLES

__TI_cinit_table @ 00002f10 records: 2, size/record: 8, table size: 16
	.data: load addr=00002e90, load size=00000068 bytes, run addr=20001000, run size=000001e8 bytes, compression=lzss
	.bss: load addr=00002f08, load size=00000008 bytes, run addr=200011e8, run size=000001c8 bytes, compression=zero_init


LINKER GENERATED HANDLER TABLE

__TI_handler_table @ 00002ef8 records: 3, size/record: 4, table size: 12
	index: 0, handler: __TI_decompress_lzss
	index: 1, handler: __TI_decompress_none
	index: 2, handler: __TI_zero_init


GLOBAL SYMBOLS: SORTED ALPHABETICALLY BY Name 

address   name                           
-------   ----                           
00002d75  C$$EXIT                        
00002a67  C$$IO$$                        
000028e9  HOSTclose                      
000022f5  HOSTlseek                      
00002559  HOSTopen                       
00002615  HOSTread                       
00002289  HOSTrename                     
0000292d  HOSTunlink                     
0000266d  HOSTwrite                      
00002d4d  ResetISR                       
200011e8  __CIOBUF_                      
20000800  __STACK_END                    
00000800  __STACK_SIZE                   
20000200  __STACK_TOP                    
00000800  __SYSMEM_SIZE                  
00002f10  __TI_CINIT_Base                
00002f20  __TI_CINIT_Limit               
00002ef8  __TI_Handler_Table_Base        
00002f04  __TI_Handler_Table_Limit       
00002971  __TI_auto_init_nobinit_nopinit 
00002aa9  __TI_cleanup                   
200011c8  __TI_cleanup_ptr               
00002135  __TI_closefile                 
0000235d  __TI_decompress_lzss           
00002d3f  __TI_decompress_none           
000027c1  __TI_doflush                   
200011cc  __TI_dtors_ptr                 
200011d0  __TI_enable_exit_profile_output
200011b8  __TI_ft_end                    
0000271b  __TI_ltoa                      
ffffffff  __TI_pprof_out_hndl            
00000209  __TI_printfi                   
ffffffff  __TI_prof_data_size            
ffffffff  __TI_prof_data_start           
00002add  __TI_readmsg                   
00000000  __TI_static_base__             
20001308  __TI_tmpnams                   
00002a39  __TI_writemsg                  
000024f5  __TI_wrt_ok                    
00002c69  __TI_zero_init_nomemset        
00001fad  __aeabi_cdcmpeq                
00001fad  __aeabi_cdcmple                
00002033  __aeabi_cdrcmple               
000028a1  __aeabi_d2iz                   
000010a3  __aeabi_dadd                   
00001501  __aeabi_ddiv                   
00001a81  __aeabi_dmul                   
00001099  __aeabi_dsub                   
00002d59  __aeabi_errno_addr             
00002b75  __aeabi_i2d                    
0000124f  __aeabi_idiv0                  
0000124f  __aeabi_ldiv0                  
000020b9  __aeabi_memclr                 
000020b9  __aeabi_memclr4                
000020b9  __aeabi_memclr8                
00001def  __aeabi_memcpy                 
00001def  __aeabi_memcpy4                
00001def  __aeabi_memcpy8                
000020bb  __aeabi_memset                 
000020bb  __aeabi_memset4                
000020bb  __aeabi_memset8                
200011c4  __aeabi_stderr                 
200011bc  __aeabi_stdin                  
200011c0  __aeabi_stdout                 
00001e8b  __aeabi_uldivmod               
ffffffff  __binit__                      
ffffffff  __c_args__                     
UNDEFED   __mpu_init                     
20000000  __stack                        
20000000  __start___llvm_prf_cnts        
20000000  __stop___llvm_prf_cnts         
00002b11  _c_int00_noargs                
00002d78  _ctypes_                       
200010f0  _device                        
20001000  _ftable                        
200011d4  _lock                          
00000c57  _nop                           
20001168  _stream                        
20000800  _sys_memory                    
UNDEFED   _system_post_cinit             
00002d71  _system_pre_init               
200011d8  _unlock                        
00002d75  abort                          
00001981  aligned_alloc                  
0000280d  atoi                           
ffffffff  binit                          
000025b9  close                          
00001275  configure_led                  
00002cbd  copysign                       
00002cbd  copysignl                      
200011e4  errno                          
00002859  exit                           
00002b45  finddevice                     
00001f21  fputc                          
0000175d  fputs                          
00001b7d  free                           
0000242d  frexp                          
0000242d  frexpl                         
00002491  fseek                          
00000000  g_pfnVectors                   
000029b5  getdevice                      
00001871  ldexp                          
00001871  ldexpl                         
00002bf9  lseek                          
000012cd  main                           
00002d61  malloc                         
00001981  memalign                       
00002ca1  memccpy                        
00002c49  memchr                         
00001def  memcpy                         
000020c1  memset                         
200013a8  parmbuf                        
000023c5  printf                         
00001f21  putc                           
00002ba5  remove                         
00001871  scalbn                         
00001871  scalbnl                        
00001c61  setvbuf                        
00002cef  strchr                         
00002cd7  strcmp                         
00002d05  strcpy                         
00002d19  strlen                         
00002a71  strncpy                        
00002e79  symbol                         
00002ba5  unlink                         
00001251  wait                           
00002d2d  wcslen                         
00002c21  write                          


GLOBAL SYMBOLS: SORTED BY Symbol Address 

address   name                           
-------   ----                           
00000000  __TI_static_base__             
00000000  g_pfnVectors                   
00000209  __TI_printfi                   
00000800  __STACK_SIZE                   
00000800  __SYSMEM_SIZE                  
00000c57  _nop                           
00001099  __aeabi_dsub                   
000010a3  __aeabi_dadd                   
0000124f  __aeabi_idiv0                  
0000124f  __aeabi_ldiv0                  
00001251  wait                           
00001275  configure_led                  
000012cd  main                           
00001501  __aeabi_ddiv                   
0000175d  fputs                          
00001871  ldexp                          
00001871  ldexpl                         
00001871  scalbn                         
00001871  scalbnl                        
00001981  aligned_alloc                  
00001981  memalign                       
00001a81  __aeabi_dmul                   
00001b7d  free                           
00001c61  setvbuf                        
00001def  __aeabi_memcpy                 
00001def  __aeabi_memcpy4                
00001def  __aeabi_memcpy8                
00001def  memcpy                         
00001e8b  __aeabi_uldivmod               
00001f21  fputc                          
00001f21  putc                           
00001fad  __aeabi_cdcmpeq                
00001fad  __aeabi_cdcmple                
00002033  __aeabi_cdrcmple               
000020b9  __aeabi_memclr                 
000020b9  __aeabi_memclr4                
000020b9  __aeabi_memclr8                
000020bb  __aeabi_memset                 
000020bb  __aeabi_memset4                
000020bb  __aeabi_memset8                
000020c1  memset                         
00002135  __TI_closefile                 
00002289  HOSTrename                     
000022f5  HOSTlseek                      
0000235d  __TI_decompress_lzss           
000023c5  printf                         
0000242d  frexp                          
0000242d  frexpl                         
00002491  fseek                          
000024f5  __TI_wrt_ok                    
00002559  HOSTopen                       
000025b9  close                          
00002615  HOSTread                       
0000266d  HOSTwrite                      
0000271b  __TI_ltoa                      
000027c1  __TI_doflush                   
0000280d  atoi                           
00002859  exit                           
000028a1  __aeabi_d2iz                   
000028e9  HOSTclose                      
0000292d  HOSTunlink                     
00002971  __TI_auto_init_nobinit_nopinit 
000029b5  getdevice                      
00002a39  __TI_writemsg                  
00002a67  C$$IO$$                        
00002a71  strncpy                        
00002aa9  __TI_cleanup                   
00002add  __TI_readmsg                   
00002b11  _c_int00_noargs                
00002b45  finddevice                     
00002b75  __aeabi_i2d                    
00002ba5  remove                         
00002ba5  unlink                         
00002bf9  lseek                          
00002c21  write                          
00002c49  memchr                         
00002c69  __TI_zero_init_nomemset        
00002ca1  memccpy                        
00002cbd  copysign                       
00002cbd  copysignl                      
00002cd7  strcmp                         
00002cef  strchr                         
00002d05  strcpy                         
00002d19  strlen                         
00002d2d  wcslen                         
00002d3f  __TI_decompress_none           
00002d4d  ResetISR                       
00002d59  __aeabi_errno_addr             
00002d61  malloc                         
00002d71  _system_pre_init               
00002d75  C$$EXIT                        
00002d75  abort                          
00002d78  _ctypes_                       
00002e79  symbol                         
00002ef8  __TI_Handler_Table_Base        
00002f04  __TI_Handler_Table_Limit       
00002f10  __TI_CINIT_Base                
00002f20  __TI_CINIT_Limit               
20000000  __stack                        
20000000  __start___llvm_prf_cnts        
20000000  __stop___llvm_prf_cnts         
20000200  __STACK_TOP                    
20000800  __STACK_END                    
20000800  _sys_memory                    
20001000  _ftable                        
200010f0  _device                        
20001168  _stream                        
200011b8  __TI_ft_end                    
200011bc  __aeabi_stdin                  
200011c0  __aeabi_stdout                 
200011c4  __aeabi_stderr                 
200011c8  __TI_cleanup_ptr               
200011cc  __TI_dtors_ptr                 
200011d0  __TI_enable_exit_profile_output
200011d4  _lock                          
200011d8  _unlock                        
200011e4  errno                          
200011e8  __CIOBUF_                      
20001308  __TI_tmpnams                   
200013a8  parmbuf                        
ffffffff  __TI_pprof_out_hndl            
ffffffff  __TI_prof_data_size            
ffffffff  __TI_prof_data_start           
ffffffff  __binit__                      
ffffffff  __c_args__                     
ffffffff  binit                          
UNDEFED   __mpu_init                     
UNDEFED   _system_post_cinit             

[128 symbols]
