******************************************************************************
                  TI ARM Linker PC v20.2.4                     
******************************************************************************
>> Linked Sun May 31 19:58:18 2026

OUTPUT FILE NAME:   <MC_LAB_2_task_1.2.out>
ENTRY POINT SYMBOL: "_c_int00_noargs"  address: 00002bb9


MEMORY CONFIGURATION

         name            origin    length      used     unused   attr    fill
----------------------  --------  ---------  --------  --------  ----  --------
  FLASH                 00000000   00100000  00002fb1  000fd04f  R  X
  SRAM                  20000000   00040000  000013b8  0003ec48  RW X


SEGMENT ALLOCATION MAP

run origin  load origin   length   init length attrs members
----------  ----------- ---------- ----------- ----- -------
00000000    00000000    00002fb8   00002fb8    r-x
  00000000    00000000    00000208   00000208    r-- .intvecs
  00000208    00000208    00002c18   00002c18    r-x .text
  00002e20    00002e20    00000101   00000101    r-- .const
  00002f28    00002f28    00000090   00000090    r-- .cinit
20000000    20000000    000013b8   00000000    rw-
  20000000    20000000    00000800   00000000    rw- .stack
  20000800    20000800    00000800   00000000    rw- .sysmem
  20001000    20001000    000001e8   00000000    rw- .data
  200011e8    200011e8    000001d0   00000000    rw- .bss


SECTION ALLOCATION MAP

 output                                  attributes/
section   page    origin      length       input sections
--------  ----  ----------  ----------   ----------------
.intvecs   0    00000000    00000208     
                  00000000    00000208     tm4c1294ncpdt_startup_ccs.obj (.intvecs)

.text      0    00000208    00002c18     
                  00000208    00000a4e     rtsv7M4_T_le_v4SPD16_eabi.lib : _printfi.c.obj (.text:__TI_printfi)
                  00000c56    00000002                                   : _lock.c.obj (.text:_nop)
                  00000c58    00000270                                   : _printfi.c.obj (.text:_pconv_a)
                  00000ec8    0000021c     main.obj (.text)
                  000010e4    000001d0     rtsv7M4_T_le_v4SPD16_eabi.lib : _printfi.c.obj (.text:_pconv_g)
                  000012b4    000001b6                                   : fd_add_t2.asm.obj (.text)
                  0000146a    00000002                                   : div0.asm.obj (.text)
                  0000146c    0000013c                                   : _printfi.c.obj (.text:_pconv_e)
                  000015a8    00000136                                   : fd_div_t2.asm.obj (.text)
                  000016de    00000002     --HOLE-- [fill = 0]
                  000016e0    00000124                                   : _printfi.c.obj (.text:fcvt)
                  00001804    00000114                                   : fputs.c.obj (.text:fputs)
                  00001918    00000110                                   : s_scalbn.c.obj (.text:scalbn)
                  00001a28    00000100                                   : memory.c.obj (.text:aligned_alloc)
                  00001b28    000000fc                                   : fd_mul_t2.asm.obj (.text)
                  00001c24    000000e4                                   : memory.c.obj (.text:free)
                  00001d08    000000dc                                   : setvbuf.c.obj (.text:setvbuf)
                  00001de4    000000b1                                   : _printfi.c.obj (.text:_ltostr)
                  00001e95    00000001     --HOLE-- [fill = 0]
                  00001e96    0000009c                                   : memcpy_t2.asm.obj (.text)
                  00001f32    00000096                                   : ull_div_t2.asm.obj (.text)
                  00001fc8    0000008c                                   : fputc.c.obj (.text:fputc)
                  00002054    00000086                                   : fd_cmp_t2.asm.obj (.text:__aeabi_cdcmple)
                  000020da    00000086                                   : fd_cmp_t2.asm.obj (.text:__aeabi_cdrcmple)
                  00002160    0000007a                                   : memset_t2.asm.obj (.text)
                  000021da    00000002     --HOLE-- [fill = 0]
                  000021dc    00000074                                   : fclose.c.obj (.text:__TI_closefile)
                  00002250    00000070                                   : memory.c.obj (.text:split)
                  000022c0    0000006e                                   : _printfi.c.obj (.text:_mcpy)
                  0000232e    00000002     --HOLE-- [fill = 0]
                  00002330    0000006c                                   : hostrename.c.obj (.text:HOSTrename)
                  0000239c    00000068                                   : hostlseek.c.obj (.text:HOSTlseek)
                  00002404    00000068                                   : copy_decompress_lzss.c.obj (.text:decompress:lzss:__TI_decompress_lzss)
                  0000246c    00000068                                   : printf.c.obj (.text:printf)
                  000024d4    00000064                                   : s_frexp.c.obj (.text:frexp)
                  00002538    00000064                                   : fseek.c.obj (.text:fseek)
                  0000259c    00000062                                   : _io_perm.c.obj (.text:__TI_wrt_ok)
                  000025fe    00000002     --HOLE-- [fill = 0]
                  00002600    00000060                                   : hostopen.c.obj (.text:HOSTopen)
                  00002660    0000005c                                   : close.c.obj (.text:close)
                  000026bc    00000058                                   : hostread.c.obj (.text:HOSTread)
                  00002714    00000058                                   : hostwrite.c.obj (.text:HOSTwrite)
                  0000276c    00000056                                   : _printfi.c.obj (.text:_pconv_f)
                  000027c2    00000054                                   : _ltoa.c.obj (.text:__TI_ltoa)
                  00002816    00000052                                   : _printfi.c.obj (.text:_ecpy)
                  00002868    0000004c                                   : fflush.c.obj (.text:__TI_doflush)
                  000028b4    0000004c                                   : atoi.c.obj (.text:atoi)
                  00002900    00000048                                   : exit.c.obj (.text:exit)
                  00002948    00000048                                   : fd_toi_t2.asm.obj (.text)
                  00002990    00000044                                   : hostclose.c.obj (.text:HOSTclose)
                  000029d4    00000044                                   : hostunlink.c.obj (.text:HOSTunlink)
                  00002a18    00000044                                   : autoinit.c.obj (.text:__TI_auto_init_nobinit_nopinit:__TI_auto_init_nobinit_nopinit)
                  00002a5c    00000044                                   : getdevice.c.obj (.text:getdevice)
                  00002aa0    0000003e                                   : _printfi.c.obj (.text:_fcpy)
                  00002ade    00000002     --HOLE-- [fill = 0]
                  00002ae0    00000038                                   : trgmsg.c.obj (.text:__TI_writemsg)
                  00002b18    00000036                                   : strncpy.c.obj (.text:strncpy)
                  00002b4e    00000002     --HOLE-- [fill = 0]
                  00002b50    00000034                                   : fopen.c.obj (.text:__TI_cleanup)
                  00002b84    00000034                                   : trgmsg.c.obj (.text:__TI_readmsg)
                  00002bb8    00000034                                   : boot_cortex_m.c.obj (.text:_c_int00_noargs:_c_int00_noargs)
                  00002bec    00000030                                   : getdevice.c.obj (.text:finddevice)
                  00002c1c    0000002e                                   : i_tofd_t2.asm.obj (.text)
                  00002c4a    00000002     --HOLE-- [fill = 0]
                  00002c4c    0000002c                                   : unlink.c.obj (.text:unlink)
                  00002c78    00000028                                   : memory.c.obj (.text:free_list_insert)
                  00002ca0    00000028                                   : lseek.c.obj (.text:lseek)
                  00002cc8    00000028                                   : write.c.obj (.text:write)
                  00002cf0    00000020                                   : memchr.c.obj (.text:memchr)
                  00002d10    0000001c                                   : copy_zero_init.c.obj (.text:decompress:ZI:__TI_zero_init_nomemset:__TI_zero_init_nomemset)
                  00002d2c    0000001c                                   : memory.c.obj (.text:free_list_remove)
                  00002d48    0000001c                                   : memccpy.c.obj (.text:memccpy)
                  00002d64    0000001a                                   : s_copysign.c.obj (.text:copysign)
                  00002d7e    00000018                                   : strcmp.c.obj (.text:strcmp)
                  00002d96    00000016                                   : strchr.c.obj (.text:strchr)
                  00002dac    00000014                                   : strcpy.c.obj (.text:strcpy)
                  00002dc0    00000014                                   : strlen.c.obj (.text:strlen)
                  00002dd4    00000012                                   : wcslen.c.obj (.text:wcslen)
                  00002de6    0000000e                                   : copy_decompress_none.c.obj (.text:decompress:none:__TI_decompress_none)
                  00002df4    0000000c     tm4c1294ncpdt_startup_ccs.obj (.text)
                  00002e00    00000008     rtsv7M4_T_le_v4SPD16_eabi.lib : errno.c.obj (.text:__aeabi_errno_addr)
                  00002e08    00000008                                   : memory.c.obj (.text:malloc)
                  00002e10    00000004                                   : printf.c.obj (.text:_outc)
                  00002e14    00000004                                   : printf.c.obj (.text:_outs)
                  00002e18    00000004                                   : pre_init.c.obj (.text:_system_pre_init)
                  00002e1c    00000004                                   : exit.c.obj (.text:abort:abort)

.const     0    00002e20    00000101     
                  00002e20    00000101     rtsv7M4_T_le_v4SPD16_eabi.lib : ctype.c.obj (.const:.string:_ctypes_)

.cinit     0    00002f28    00000090     
                  00002f28    00000068     (.cinit..data.load) [load image, compression = lzss]
                  00002f90    0000000c     (__TI_handler_table)
                  00002f9c    00000004     --HOLE-- [fill = 0]
                  00002fa0    00000008     (.cinit..bss.load) [load image, compression = zero_init]
                  00002fa8    00000010     (__TI_cinit_table)

.init_array 
*          0    00000000    00000000     UNINITIALIZED

.stack     0    20000000    00000800     UNINITIALIZED
                  20000000    00000004     rtsv7M4_T_le_v4SPD16_eabi.lib : boot_cortex_m.c.obj (.stack)
                  20000004    000007fc     --HOLE--

.sysmem    0    20000800    00000800     UNINITIALIZED
                  20000800    00000010     rtsv7M4_T_le_v4SPD16_eabi.lib : memory.c.obj (.sysmem)
                  20000810    000007f0     --HOLE--

.data      0    20001000    000001e8     UNINITIALIZED
                  20001000    000000f0     rtsv7M4_T_le_v4SPD16_eabi.lib : defs.c.obj (.data:_ftable)
                  200010f0    00000078                                   : host_device.c.obj (.data:_device)
                  20001168    00000050                                   : host_device.c.obj (.data:_stream)
                  200011b8    00000010                                   : defs.c.obj (.data)
                  200011c8    0000000c                                   : exit.c.obj (.data:$O1$$)
                  200011d4    00000008                                   : _lock.c.obj (.data:$O1$$)
                  200011dc    00000008                                   : memory.c.obj (.data:$O1$$)
                  200011e4    00000004                                   : errno.c.obj (.data)

.bss       0    200011e8    000001d0     UNINITIALIZED
                  200011e8    00000120     rtsv7M4_T_le_v4SPD16_eabi.lib : trgmsg.c.obj (.bss:_CIOBUF_)
                  20001308    000000a0     (.common:__TI_tmpnams)
                  200013a8    00000008     (.common:parmbuf)
                  200013b0    00000004     (.common:distance_cm)
                  200013b4    00000004     (.common:pulse_ticks)

__llvm_prf_cnts 
*          0    20000000    00000000     UNINITIALIZED

MODULE SUMMARY

       Module                          code    ro data   rw data
       ------                          ----    -------   -------
    .\
       main.obj                        540     0         8      
       tm4c1294ncpdt_startup_ccs.obj   12      520       0      
    +--+-------------------------------+-------+---------+---------+
       Total:                          552     520       8      
                                                                
    C:\ti\ti-cgt-arm_20.2.4.LTS\lib\rtsv7M4_T_le_v4SPD16_eabi.lib
       _printfi.c.obj                  4851    0         0      
       memory.c.obj                    672     0         8      
       fd_add_t2.asm.obj               438     0         0      
       defs.c.obj                      0       0         416    
       trgmsg.c.obj                    108     0         288    
       fd_div_t2.asm.obj               310     0         0      
       fputs.c.obj                     276     0         0      
       s_scalbn.c.obj                  272     0         0      
       fd_cmp_t2.asm.obj               268     0         0      
       ctype.c.obj                     0       257       0      
       fd_mul_t2.asm.obj               252     0         0      
       setvbuf.c.obj                   220     0         0      
       host_device.c.obj               0       0         200    
       memcpy_t2.asm.obj               156     0         0      
       ull_div_t2.asm.obj              150     0         0      
       fputc.c.obj                     140     0         0      
       memset_t2.asm.obj               122     0         0      
       fclose.c.obj                    116     0         0      
       getdevice.c.obj                 116     0         0      
       printf.c.obj                    112     0         0      
       hostrename.c.obj                108     0         0      
       copy_decompress_lzss.c.obj      104     0         0      
       hostlseek.c.obj                 104     0         0      
       hostopen.c.obj                  96      0         8      
       fseek.c.obj                     100     0         0      
       s_frexp.c.obj                   100     0         0      
       _io_perm.c.obj                  98      0         0      
       close.c.obj                     92      0         0      
       exit.c.obj                      76      0         12     
       hostread.c.obj                  88      0         0      
       hostwrite.c.obj                 88      0         0      
       _ltoa.c.obj                     84      0         0      
       atoi.c.obj                      76      0         0      
       fflush.c.obj                    76      0         0      
       fd_toi_t2.asm.obj               72      0         0      
       autoinit.c.obj                  68      0         0      
       hostclose.c.obj                 68      0         0      
       hostunlink.c.obj                68      0         0      
       strncpy.c.obj                   54      0         0      
       boot_cortex_m.c.obj             52      0         0      
       fopen.c.obj                     52      0         0      
       i_tofd_t2.asm.obj               46      0         0      
       unlink.c.obj                    44      0         0      
       lseek.c.obj                     40      0         0      
       write.c.obj                     40      0         0      
       memchr.c.obj                    32      0         0      
       copy_zero_init.c.obj            28      0         0      
       memccpy.c.obj                   28      0         0      
       s_copysign.c.obj                26      0         0      
       strcmp.c.obj                    24      0         0      
       strchr.c.obj                    22      0         0      
       strcpy.c.obj                    20      0         0      
       strlen.c.obj                    20      0         0      
       wcslen.c.obj                    18      0         0      
       copy_decompress_none.c.obj      14      0         0      
       errno.c.obj                     8       0         4      
       _lock.c.obj                     2       0         8      
       pre_init.c.obj                  4       0         0      
       div0.asm.obj                    2       0         0      
    +--+-------------------------------+-------+---------+---------+
       Total:                          10721   257       944    
                                                                
       Heap:                           0       0         2048   
       Stack:                          0       0         2048   
       Linker Generated:               0       140       0      
    +--+-------------------------------+-------+---------+---------+
       Grand Total:                    11273   917       5048   


LINKER GENERATED COPY TABLES

__TI_cinit_table @ 00002fa8 records: 2, size/record: 8, table size: 16
	.data: load addr=00002f28, load size=00000068 bytes, run addr=20001000, run size=000001e8 bytes, compression=lzss
	.bss: load addr=00002fa0, load size=00000008 bytes, run addr=200011e8, run size=000001d0 bytes, compression=zero_init


LINKER GENERATED HANDLER TABLE

__TI_handler_table @ 00002f90 records: 3, size/record: 4, table size: 12
	index: 0, handler: __TI_decompress_lzss
	index: 1, handler: __TI_decompress_none
	index: 2, handler: __TI_zero_init


GLOBAL SYMBOLS: SORTED ALPHABETICALLY BY Name 

address   name                           
-------   ----                           
00002e1d  C$$EXIT                        
00002b0f  C$$IO$$                        
00002991  HOSTclose                      
0000239d  HOSTlseek                      
00002601  HOSTopen                       
000026bd  HOSTread                       
00002331  HOSTrename                     
000029d5  HOSTunlink                     
00002715  HOSTwrite                      
00002df5  ResetISR                       
200011e8  __CIOBUF_                      
20000800  __STACK_END                    
00000800  __STACK_SIZE                   
20000200  __STACK_TOP                    
00000800  __SYSMEM_SIZE                  
00002fa8  __TI_CINIT_Base                
00002fb8  __TI_CINIT_Limit               
00002f90  __TI_Handler_Table_Base        
00002f9c  __TI_Handler_Table_Limit       
00002a19  __TI_auto_init_nobinit_nopinit 
00002b51  __TI_cleanup                   
200011c8  __TI_cleanup_ptr               
000021dd  __TI_closefile                 
00002405  __TI_decompress_lzss           
00002de7  __TI_decompress_none           
00002869  __TI_doflush                   
200011cc  __TI_dtors_ptr                 
200011d0  __TI_enable_exit_profile_output
200011b8  __TI_ft_end                    
000027c3  __TI_ltoa                      
ffffffff  __TI_pprof_out_hndl            
00000209  __TI_printfi                   
ffffffff  __TI_prof_data_size            
ffffffff  __TI_prof_data_start           
00002b85  __TI_readmsg                   
00000000  __TI_static_base__             
20001308  __TI_tmpnams                   
00002ae1  __TI_writemsg                  
0000259d  __TI_wrt_ok                    
00002d11  __TI_zero_init_nomemset        
00002055  __aeabi_cdcmpeq                
00002055  __aeabi_cdcmple                
000020db  __aeabi_cdrcmple               
00002949  __aeabi_d2iz                   
000012bf  __aeabi_dadd                   
000015a9  __aeabi_ddiv                   
00001b29  __aeabi_dmul                   
000012b5  __aeabi_dsub                   
00002e01  __aeabi_errno_addr             
00002c1d  __aeabi_i2d                    
0000146b  __aeabi_idiv0                  
0000146b  __aeabi_ldiv0                  
00002161  __aeabi_memclr                 
00002161  __aeabi_memclr4                
00002161  __aeabi_memclr8                
00001e97  __aeabi_memcpy                 
00001e97  __aeabi_memcpy4                
00001e97  __aeabi_memcpy8                
00002163  __aeabi_memset                 
00002163  __aeabi_memset4                
00002163  __aeabi_memset8                
200011c4  __aeabi_stderr                 
200011bc  __aeabi_stdin                  
200011c0  __aeabi_stdout                 
00001f33  __aeabi_uldivmod               
ffffffff  __binit__                      
ffffffff  __c_args__                     
UNDEFED   __mpu_init                     
20000000  __stack                        
20000000  __start___llvm_prf_cnts        
20000000  __stop___llvm_prf_cnts         
00002bb9  _c_int00_noargs                
00002e20  _ctypes_                       
200010f0  _device                        
20001000  _ftable                        
200011d4  _lock                          
00000c57  _nop                           
20001168  _stream                        
20000800  _sys_memory                    
UNDEFED   _system_post_cinit             
00002e19  _system_pre_init               
200011d8  _unlock                        
00002e1d  abort                          
00001a29  aligned_alloc                  
000028b5  atoi                           
ffffffff  binit                          
00001025  calculate_distance_cm          
00002661  close                          
00000f6f  configure_pins                 
00000f23  configure_timer                
00002d65  copysign                       
00002d65  copysignl                      
200013b0  distance_cm                    
200011e4  errno                          
00002901  exit                           
00002bed  finddevice                     
00001fc9  fputc                          
00001805  fputs                          
00001c25  free                           
000024d5  frexp                          
000024d5  frexpl                         
00002539  fseek                          
00000000  g_pfnVectors                   
00002a5d  getdevice                      
00001919  ldexp                          
00001919  ldexpl                         
00002ca1  lseek                          
0000103b  main                           
00002e09  malloc                         
00000fe3  measure_distance               
00001a29  memalign                       
00002d49  memccpy                        
00002cf1  memchr                         
00001e97  memcpy                         
00002169  memset                         
200013a8  parmbuf                        
0000246d  printf                         
200013b4  pulse_ticks                    
00001fc9  putc                           
00002c4d  remove                         
00001919  scalbn                         
00001919  scalbnl                        
00001d09  setvbuf                        
00002d97  strchr                         
00002d7f  strcmp                         
00002dad  strcpy                         
00002dc1  strlen                         
00002b19  strncpy                        
00000fc5  trigger_sensor                 
00002c4d  unlink                         
00000ec9  wait                           
00002dd5  wcslen                         
00002cc9  write                          


GLOBAL SYMBOLS: SORTED BY Symbol Address 

address   name                           
-------   ----                           
00000000  __TI_static_base__             
00000000  g_pfnVectors                   
00000209  __TI_printfi                   
00000800  __STACK_SIZE                   
00000800  __SYSMEM_SIZE                  
00000c57  _nop                           
00000ec9  wait                           
00000f23  configure_timer                
00000f6f  configure_pins                 
00000fc5  trigger_sensor                 
00000fe3  measure_distance               
00001025  calculate_distance_cm          
0000103b  main                           
000012b5  __aeabi_dsub                   
000012bf  __aeabi_dadd                   
0000146b  __aeabi_idiv0                  
0000146b  __aeabi_ldiv0                  
000015a9  __aeabi_ddiv                   
00001805  fputs                          
00001919  ldexp                          
00001919  ldexpl                         
00001919  scalbn                         
00001919  scalbnl                        
00001a29  aligned_alloc                  
00001a29  memalign                       
00001b29  __aeabi_dmul                   
00001c25  free                           
00001d09  setvbuf                        
00001e97  __aeabi_memcpy                 
00001e97  __aeabi_memcpy4                
00001e97  __aeabi_memcpy8                
00001e97  memcpy                         
00001f33  __aeabi_uldivmod               
00001fc9  fputc                          
00001fc9  putc                           
00002055  __aeabi_cdcmpeq                
00002055  __aeabi_cdcmple                
000020db  __aeabi_cdrcmple               
00002161  __aeabi_memclr                 
00002161  __aeabi_memclr4                
00002161  __aeabi_memclr8                
00002163  __aeabi_memset                 
00002163  __aeabi_memset4                
00002163  __aeabi_memset8                
00002169  memset                         
000021dd  __TI_closefile                 
00002331  HOSTrename                     
0000239d  HOSTlseek                      
00002405  __TI_decompress_lzss           
0000246d  printf                         
000024d5  frexp                          
000024d5  frexpl                         
00002539  fseek                          
0000259d  __TI_wrt_ok                    
00002601  HOSTopen                       
00002661  close                          
000026bd  HOSTread                       
00002715  HOSTwrite                      
000027c3  __TI_ltoa                      
00002869  __TI_doflush                   
000028b5  atoi                           
00002901  exit                           
00002949  __aeabi_d2iz                   
00002991  HOSTclose                      
000029d5  HOSTunlink                     
00002a19  __TI_auto_init_nobinit_nopinit 
00002a5d  getdevice                      
00002ae1  __TI_writemsg                  
00002b0f  C$$IO$$                        
00002b19  strncpy                        
00002b51  __TI_cleanup                   
00002b85  __TI_readmsg                   
00002bb9  _c_int00_noargs                
00002bed  finddevice                     
00002c1d  __aeabi_i2d                    
00002c4d  remove                         
00002c4d  unlink                         
00002ca1  lseek                          
00002cc9  write                          
00002cf1  memchr                         
00002d11  __TI_zero_init_nomemset        
00002d49  memccpy                        
00002d65  copysign                       
00002d65  copysignl                      
00002d7f  strcmp                         
00002d97  strchr                         
00002dad  strcpy                         
00002dc1  strlen                         
00002dd5  wcslen                         
00002de7  __TI_decompress_none           
00002df5  ResetISR                       
00002e01  __aeabi_errno_addr             
00002e09  malloc                         
00002e19  _system_pre_init               
00002e1d  C$$EXIT                        
00002e1d  abort                          
00002e20  _ctypes_                       
00002f90  __TI_Handler_Table_Base        
00002f9c  __TI_Handler_Table_Limit       
00002fa8  __TI_CINIT_Base                
00002fb8  __TI_CINIT_Limit               
20000000  __stack                        
20000000  __start___llvm_prf_cnts        
20000000  __stop___llvm_prf_cnts         
20000200  __STACK_TOP                    
20000800  __STACK_END                    
20000800  _sys_memory                    
20001000  _ftable                        
200010f0  _device                        
20001168  _stream                        
200011b8  __TI_ft_end                    
200011bc  __aeabi_stdin                  
200011c0  __aeabi_stdout                 
200011c4  __aeabi_stderr                 
200011c8  __TI_cleanup_ptr               
200011cc  __TI_dtors_ptr                 
200011d0  __TI_enable_exit_profile_output
200011d4  _lock                          
200011d8  _unlock                        
200011e4  errno                          
200011e8  __CIOBUF_                      
20001308  __TI_tmpnams                   
200013a8  parmbuf                        
200013b0  distance_cm                    
200013b4  pulse_ticks                    
ffffffff  __TI_pprof_out_hndl            
ffffffff  __TI_prof_data_size            
ffffffff  __TI_prof_data_start           
ffffffff  __binit__                      
ffffffff  __c_args__                     
ffffffff  binit                          
UNDEFED   __mpu_init                     
UNDEFED   _system_post_cinit             

[133 symbols]
